// Jest Snapshot v1, https://goo.gl/fbAQLP

exports[`index.test.ts style-loader: __tests__/styles/output/index.js 1`] = `
"(() => {
  var __create = Object.create;
  var __defProp = Object.defineProperty;
  var __getOwnPropDesc = Object.getOwnPropertyDescriptor;
  var __getOwnPropNames = Object.getOwnPropertyNames;
  var __getProtoOf = Object.getPrototypeOf;
  var __hasOwnProp = Object.prototype.hasOwnProperty;
  var __require = /* @__PURE__ */ ((x) => typeof require !== "undefined" ? require : typeof Proxy !== "undefined" ? new Proxy(x, {
    get: (a, b) => (typeof require !== "undefined" ? require : a)[b]
  }) : x)(function(x) {
    if (typeof require !== "undefined")
      return require.apply(this, arguments);
    throw new Error('Dynamic require of "' + x + '" is not supported');
  });
  var __copyProps = (to, from, except, desc) => {
    if (from && typeof from === "object" || typeof from === "function") {
      for (let key of __getOwnPropNames(from))
        if (!__hasOwnProp.call(to, key) && key !== except)
          __defProp(to, key, { get: () => from[key], enumerable: !(desc = __getOwnPropDesc(from, key)) || desc.enumerable });
    }
    return to;
  };
  var __toESM = (mod, isNodeMode, target) => (target = mod != null ? __create(__getProtoOf(mod)) : {}, __copyProps(
    // If the importer is in node compatibility mode or this is not an ESM
    // file that has been converted to a CommonJS file using a Babel-
    // compatible transform (i.e. "__esModule" has not been set), then set
    // "default" to the CommonJS "module.exports" for node compatibility.
    isNodeMode || !mod || !mod.__esModule ? __defProp(target, "default", { value: mod, enumerable: true }) : target,
    mod
  ));

  // __tests__/styles/index.jsx
  var import_a = __toESM(__require("./a.css?modules"));
  var import_a_modules = __toESM(__require("./a.modules.less?modules"));
  var import_a2 = __toESM(__require("./a.scss?modules&abc=123"));
  var import_b = __require("./b.css");
  var import_b2 = __require("./b.less");
  var import_b3 = __require("./b.scss");

  // __tests__/styles/require.ts
  var cssModule = __require("./c.css?modules&abc");
  var cssModule1 = __require("./a/b/c.module.css?modules");
  var cssModule2 = __require("./a/b/c.modules.css?modules");
  var lessModule = __require("./c.less?modules");
  var scssModule = (
    // Path: __tests__/styles/a/b/c.module.css
    __require("./c.scss?modules")
  );
  __require("./d.css");
  __require("./d.less");
  __require("./d.scss");

  // __tests__/styles/index.jsx
  console.log(import_a.default, import_a_modules.default, import_a2.default);
})();
//# sourceMappingURL=index.js.map
"
`;
